{"access_token":"eyJraWQiOiJiZFhMRVduRGpMSGpwRThPZnl5TUp4UlJLbVo3MUxCOHUxeUREbVBpdVQwIiwiYWxnIjoiUlMyNTYifQ.eyJjbGllbnRfb25iZWhhbGZvZl9vcmdubyI6Ijk5NzA1ODkyNSIsImlzcyI6Imh0dHBzOi8vdGVzdC5tYXNraW5wb3J0ZW4ubm8vIiwiY2xpZW50X2FtciI6InByaXZhdGVfa2V5X2p3dCIsInRva2VuX3R5cGUiOiJCZWFyZXIiLCJjbGllbnRfb25iZWhhbGZvZiI6IkFLWFlCQ0pJQ1M2MzAyVCIsImNsaWVudF9pZCI6ImU1YTBmNGM4LTczMzgtNDA0NS1hNWE3LTdlM2RiODQ5YzZmZiIsImF1ZCI6Imh0dHBzOi8vdGVzdC5rb250YWt0cmVnaXN0ZXJldC5uby9yZXN0L3YyL3BlcnNvbmVyIiwic2NvcGUiOiJrcnI6Z2xvYmFsL2tvbnRha3RpbmZvcm1hc2pvbi5yZWFkIiwic3VwcGxpZXIiOnsiYXV0aG9yaXR5IjoiaXNvNjUyMy1hY3RvcmlkLXVwaXMiLCJJRCI6IjAxOTI6OTk3MDU4OTI1In0sImV4cCI6MTcwNjI2NDE2MiwiZGVsZWdhdGlvbl9zb3VyY2UiOiJodHRwczovL3Rlc3QubWFza2lucG9ydGVuLm5vLyIsImlhdCI6MTcwNjI2NDA0MiwianRpIjoiRkNYdVZOa185b2Q0Q0RXUklBaWM0U01WcTFaclIyUjh2ZGhNRlU4cklzZyIsImNvbnN1bWVyIjp7ImF1dGhvcml0eSI6ImlzbzY1MjMtYWN0b3JpZC11cGlzIiwiSUQiOiIwMTkyOjk5NzA1ODkyNSJ9fQ.FzndYVtTgpJmvZhEKie76i29uOywOJ0M1fwmgjLIMqYQ6SW5LU1YZAYCdVnHZOihXERBcwEpuSrhpDy4WPoSp_efvNMZGKZlyWyuSXHCwAp8N111CjJlLFUu4eCyWX2MBN9iCgFXFn66OcF6OsaC2dB0wNv4X84FlIupojYigwjoBe9MUdnPheGj5BCE-YBwcg2vVtbOXsH1-kwzVi-q85PT2DqMvU8eS56YqdmgVdzD-LbVdW4364CPbE4PQV9jXEISk_0s4lD6x_HdtCe9WNavWAhirNzGjgNidHiPoIm2nZMbl_7gzZi_liJ66LJflek6D-W_SKeh4UahOq1pf7fMgpq_mNynfwg56HJGfdwyIEfb11wKgjwbnlBUQ0iAI6ykslXcn4nF1qU_7xe0k8Ycj6YJCpO2AvVM1ucGBk-FUPFhGKo0SkfMPzuKs_FkpuDoUTwNfNbLTo70iYSo_r_AbbhIheiaVemnryc_f10EmtZyFvNORuCsgIJhalVa","token_type":"Bearer","expires_in":119,"scope":"krr:global/kontaktinformasjon.read"}
